------------------------------------------------------------
Timing Analyzer Summary
------------------------------------------------------------

Type  : Slow 1100mV 85C Model Setup 'clock'
Slack : -0.731
TNS   : -5.209

Type  : Slow 1100mV 85C Model Hold 'clock'
Slack : 0.332
TNS   : 0.000

Type  : Slow 1100mV 85C Model Recovery 'clock'
Slack : -0.245
TNS   : -1.649

Type  : Slow 1100mV 85C Model Removal 'clock'
Slack : 0.687
TNS   : 0.000

Type  : Slow 1100mV 85C Model Minimum Pulse Width 'clock'
Slack : -0.538
TNS   : -10.079

Type  : Slow 1100mV 0C Model Setup 'clock'
Slack : -0.792
TNS   : -5.741

Type  : Slow 1100mV 0C Model Hold 'clock'
Slack : 0.313
TNS   : 0.000

Type  : Slow 1100mV 0C Model Recovery 'clock'
Slack : -0.218
TNS   : -1.465

Type  : Slow 1100mV 0C Model Removal 'clock'
Slack : 0.632
TNS   : 0.000

Type  : Slow 1100mV 0C Model Minimum Pulse Width 'clock'
Slack : -0.538
TNS   : -10.265

Type  : Fast 1100mV 85C Model Setup 'clock'
Slack : 0.184
TNS   : 0.000

Type  : Fast 1100mV 85C Model Hold 'clock'
Slack : 0.178
TNS   : 0.000

Type  : Fast 1100mV 85C Model Recovery 'clock'
Slack : 0.430
TNS   : 0.000

Type  : Fast 1100mV 85C Model Removal 'clock'
Slack : 0.295
TNS   : 0.000

Type  : Fast 1100mV 85C Model Minimum Pulse Width 'clock'
Slack : -0.092
TNS   : -1.167

Type  : Fast 1100mV 0C Model Setup 'clock'
Slack : 0.221
TNS   : 0.000

Type  : Fast 1100mV 0C Model Hold 'clock'
Slack : 0.159
TNS   : 0.000

Type  : Fast 1100mV 0C Model Recovery 'clock'
Slack : 0.468
TNS   : 0.000

Type  : Fast 1100mV 0C Model Removal 'clock'
Slack : 0.263
TNS   : 0.000

Type  : Fast 1100mV 0C Model Minimum Pulse Width 'clock'
Slack : -0.094
TNS   : -1.212

------------------------------------------------------------
