------------------------------------------------------------
Timing Analyzer Summary
------------------------------------------------------------

Type  : Slow 1100mV 85C Model Setup 'CLOCK'
Slack : -0.980
TNS   : -5.227

Type  : Slow 1100mV 85C Model Hold 'CLOCK'
Slack : 0.460
TNS   : 0.000

Type  : Slow 1100mV 85C Model Minimum Pulse Width 'CLOCK'
Slack : -0.538
TNS   : -6.153

Type  : Slow 1100mV 0C Model Setup 'CLOCK'
Slack : -1.048
TNS   : -5.472

Type  : Slow 1100mV 0C Model Hold 'CLOCK'
Slack : 0.463
TNS   : 0.000

Type  : Slow 1100mV 0C Model Minimum Pulse Width 'CLOCK'
Slack : -0.538
TNS   : -6.348

Type  : Fast 1100mV 85C Model Setup 'CLOCK'
Slack : -0.005
TNS   : -0.008

Type  : Fast 1100mV 85C Model Hold 'CLOCK'
Slack : 0.182
TNS   : 0.000

Type  : Fast 1100mV 85C Model Minimum Pulse Width 'CLOCK'
Slack : -0.087
TNS   : -0.695

Type  : Fast 1100mV 0C Model Setup 'CLOCK'
Slack : 0.064
TNS   : 0.000

Type  : Fast 1100mV 0C Model Hold 'CLOCK'
Slack : 0.170
TNS   : 0.000

Type  : Fast 1100mV 0C Model Minimum Pulse Width 'CLOCK'
Slack : -0.091
TNS   : -0.726

------------------------------------------------------------
