------------------------------------------------------------
Timing Analyzer Summary
------------------------------------------------------------

Type  : Slow 1100mV 85C Model Setup 'clock'
Slack : -0.693
TNS   : -5.026

Type  : Slow 1100mV 85C Model Hold 'clock'
Slack : 0.316
TNS   : 0.000

Type  : Slow 1100mV 85C Model Recovery 'clock'
Slack : -0.284
TNS   : -1.920

Type  : Slow 1100mV 85C Model Removal 'clock'
Slack : 0.723
TNS   : 0.000

Type  : Slow 1100mV 85C Model Minimum Pulse Width 'clock'
Slack : -0.538
TNS   : -10.081

Type  : Slow 1100mV 0C Model Setup 'clock'
Slack : -0.719
TNS   : -5.455

Type  : Slow 1100mV 0C Model Hold 'clock'
Slack : 0.296
TNS   : 0.000

Type  : Slow 1100mV 0C Model Recovery 'clock'
Slack : -0.269
TNS   : -1.820

Type  : Slow 1100mV 0C Model Removal 'clock'
Slack : 0.664
TNS   : 0.000

Type  : Slow 1100mV 0C Model Minimum Pulse Width 'clock'
Slack : -0.538
TNS   : -10.283

Type  : Fast 1100mV 85C Model Setup 'clock'
Slack : 0.177
TNS   : 0.000

Type  : Fast 1100mV 85C Model Hold 'clock'
Slack : 0.173
TNS   : 0.000

Type  : Fast 1100mV 85C Model Recovery 'clock'
Slack : 0.412
TNS   : 0.000

Type  : Fast 1100mV 85C Model Removal 'clock'
Slack : 0.309
TNS   : 0.000

Type  : Fast 1100mV 85C Model Minimum Pulse Width 'clock'
Slack : -0.093
TNS   : -1.177

Type  : Fast 1100mV 0C Model Setup 'clock'
Slack : 0.222
TNS   : 0.000

Type  : Fast 1100mV 0C Model Hold 'clock'
Slack : 0.156
TNS   : 0.000

Type  : Fast 1100mV 0C Model Recovery 'clock'
Slack : 0.450
TNS   : 0.000

Type  : Fast 1100mV 0C Model Removal 'clock'
Slack : 0.275
TNS   : 0.000

Type  : Fast 1100mV 0C Model Minimum Pulse Width 'clock'
Slack : -0.095
TNS   : -1.208

------------------------------------------------------------
